# List of table names used in booking report
#
book;book_no,pax_name_rec,booking_status,book_type,no_of_seats,group_name,book_category,origin_branch_code,origin_address,booking_status,first_segm_date,last_segm_date
book_crs_index;pax_name_rec,origin_address,book_category,reply_poll_flag,processing_flag,ext_book_numb,codeshare_book_numb
itenary;route_no,itenary_no,itenary_type,flight_number,flight_date,departure_airport,arrival_airport,departure_time,arrival_time,selling_class,request_nos,itenary_stat_flag,reserve_status
passenger;pax_no,pax_code,pax_name,request_nos,processing_flag,request_nos
payments;payment_no,payment_form,payment_type,payment_amount,payment_date,pax_name,remarks_text,voucher_no
pass_contact;pax_no,home_phone_no,buss_phone_no
book_requests;rqst_sequence_no,rqst_code,carrier_code,action_code,request_text,processing_flag,all_pax_flag,all_itenary_flag
book_fares;fare_no,pax_code,departure_city,arrival_city,total_amount_curr,total_amount
book_fares_paym;fare_no,pax_code,payment_code,fare_calc_code,fare_paymt_amt,flight_number,board_date,flight_origin,flight_destination
book_fares_segm;fare_no,pax_code,flight_number,departure_airport,arrival_airport,selling_class,fare_basis
end_transaction_book;book_serial_no,processing_flag,create_time,et_serial_no
pass_remarks;remark_sequence_no,remark_text
flight_seat_reservation;reserve_reason_rcd,blocked_flag,temporary_reserve_flag,release_date_time,active_flag
#hist_passenger;pax_no,pax_name,request_nos,pax_code,processing_flag,request_nos
hist_book_fares_segm;fare_no,pax_code,flight_number,departure_airport,arrival_airport,selling_class,fare_basis
employee_buddy_pass;employee_id,buddy_pass_no,active_flag
queues;queue_code,notify_code,processing_flag,flight_number,flight_date,pax_name,pax_name_rec,queue_text,pass_name_dupe
#pnl_adl_book
#pnl_adl_pax
#pnl_adl_rem
