# List of table names used in booking report
# 
book;book_no,pax_name_rec,book_type,no_of_seats,group_name,book_category,origin_branch_code,origin_address,record_locator,booking_status,first_segm_date,last_segm_date
itenary;route_no,itenary_no,itenary_type,flight_number,flight_date,departure_airport,arrival_airport,to_char(trunc(departure_time/60,0),'&&')||':'||to_char(mod(departure_time,60),'&&') departure,to_char(trunc(arrival_time/60,0),'&&')||':'||to_char(mod(arrival_time,60),'&&') arrival,selling_class,itenary_stat_flag,request_nos
passenger;pax_no,pax_name,request_nos,pax_code,processing_flag,request_nos
pass_remarks;remark_sequence_no,remark_text
book_crs_index;pax_name_rec,origin_address,book_category,reply_poll_flag,processing_flag,ext_book_numb,codeshare_book_numb
queues;queue_code,notify_code,processing_flag,flight_number,flight_date,pax_name,pax_name_rec,queue_text,pass_name_dupe
tty_in_mesgs;tty_in_msg_id,msg_sequence_no,create_time,message_code,origin_address,processing_flag,ignore_until,message
tty_out_mesgs;tty_out_msg_id,msg_sequence_no,create_time,message_code,origin_address,message
